Unchanged snapshot: {
  compiledContractBuilds: 0,
  snapshotsAccepted: 1,
  recordsCompared: 56,
  recordsRecompiled: 0,
  recordsReused: 56,
  overlaysProjected: 0,
  overlaysReused: 56,
  queries: 0,
  candidatesVisited: 0,
  entriesInserted: 0,
  entriesRemoved: 0,
  renderRevision: 0,
  geometryVersion: 0
}
Instructions delta: {
  changedItemIds: Set(1) { 'seed-item-0' },
  renderOverlayChanged: false,
  geometryChanged: false,
  annotationChanged: false,
  affectedContainers: Set(0) {}
}
Instructions work: {
  compiledContractBuilds: 0,
  snapshotsAccepted: 1,
  recordsCompared: 56,
  recordsRecompiled: 1,
  recordsReused: 55,
  overlaysProjected: 1,
  overlaysReused: 55,
  queries: 0,
  candidatesVisited: 0,
  entriesInserted: 0,
  entriesRemoved: 0,
  renderRevision: 0,
  geometryVersion: 0
}
Instructions typing: {
  compiledContractBuilds: 0,
  snapshotsAccepted: 0,
  recordsCompared: 0,
  recordsRecompiled: 0,
  recordsReused: 0,
  overlaysProjected: 0,
  overlaysReused: 0,
  queries: 0,
  candidatesVisited: 0,
  entriesInserted: 0,
  entriesRemoved: 0,
  renderRevision: 0,
  geometryVersion: 0
}
Local initial selection: { allowed: true, modes: [ 'explain', 'concession' ] }
Selection work: {
  compiledContractBuilds: 0,
  snapshotsAccepted: 0,
  recordsCompared: 0,
  recordsRecompiled: 0,
  recordsReused: 0,
  overlaysProjected: 0,
  overlaysReused: 0,
  queries: 3,
  candidatesVisited: 0,
  entriesInserted: 0,
  entriesRemoved: 0,
  renderRevision: 0,
  geometryVersion: 0
}
Reorder work: {
  compiledContractBuilds: 0,
  snapshotsAccepted: 1,
  recordsCompared: 56,
  recordsRecompiled: 0,
  recordsReused: 56,
  overlaysProjected: 0,
  overlaysReused: 56,
  queries: 0,
  candidatesVisited: 0,
  entriesInserted: 0,
  entriesRemoved: 0,
  renderRevision: 1,
  geometryVersion: 0
}
Deletion work: {
  compiledContractBuilds: 0,
  snapshotsAccepted: 1,
  recordsCompared: 55,
  recordsRecompiled: 0,
  recordsReused: 55,
  overlaysProjected: 0,
  overlaysReused: 55,
  queries: 0,
  candidatesVisited: 0,
  entriesInserted: 0,
  entriesRemoved: 1,
  renderRevision: 1,
  geometryVersion: 1
}
(node:5) ExperimentalWarning: Transform Types is an experimental feature and might change at any time
(Use `node --trace-warnings ...` to show where the warning was created)
