npm warn Unknown env config "http-proxy". This will stop working in the next major version of npm.

> agreed@0.0.1 build
> node scripts/clean-vercel-output.mjs && npm run check && vite build

npm warn Unknown env config "http-proxy". This will stop working in the next major version of npm.

> agreed@0.0.1 check
> svelte-kit sync && svelte-check --tsconfig ./tsconfig.json

Loading svelte-check in workspace: /workspace/scratch/f9b9545eb218/project/oceans-agreed-main
Getting Svelte diagnostics...

svelte-check found 0 errors and 0 warnings
vite v8.2.2 building ssr environment for production...
transforming...
✓ 272 modules transformed.
rendering chunks...
vite v8.2.2 building client environment for production...
transforming...
✓ 345 modules transformed.
rendering chunks...
computing gzip size...
.svelte-kit/output/client/_app/version.json                                      0.02 kB │ gzip:  0.04 kB
.svelte-kit/output/client/.vite/manifest.json                                    5.09 kB │ gzip:  0.84 kB
.svelte-kit/output/client/_app/immutable/assets/WorkspaceChrome.NWLcFRo6.css     1.11 kB │ gzip:  0.44 kB
.svelte-kit/output/client/_app/immutable/assets/authoring-context.Dzi72T8U.css   4.73 kB │ gzip:  1.35 kB
.svelte-kit/output/client/_app/immutable/assets/0.LDL3t05Q.css                  31.77 kB │ gzip:  7.16 kB
.svelte-kit/output/client/_app/immutable/chunks/Cm_wk3qy.js                      0.05 kB │ gzip:  0.07 kB
.svelte-kit/output/client/_app/immutable/chunks/xihTtKlq.js                      0.06 kB │ gzip:  0.08 kB
.svelte-kit/output/client/_app/immutable/entry/start.BpUU_AGV.js                 0.08 kB │ gzip:  0.09 kB
.svelte-kit/output/client/_app/immutable/nodes/0.CAMOZP-1.js                     0.17 kB │ gzip:  0.15 kB
.svelte-kit/output/client/_app/immutable/chunks/CtC8EvLB.js                      0.29 kB │ gzip:  0.16 kB
.svelte-kit/output/client/_app/immutable/nodes/1.CcA5mov7.js                     0.35 kB │ gzip:  0.25 kB
.svelte-kit/output/client/_app/immutable/chunks/Bjy-W4x2.js                      1.36 kB │ gzip:  0.65 kB
.svelte-kit/output/client/_app/immutable/nodes/5.Dz40-Qrc.js                     1.37 kB │ gzip:  0.76 kB
.svelte-kit/output/client/_app/immutable/entry/app.BlDUwRZg.js                   5.80 kB │ gzip:  2.50 kB
.svelte-kit/output/client/_app/immutable/nodes/3.Bfae4XXQ.js                     5.93 kB │ gzip:  2.62 kB
.svelte-kit/output/client/_app/immutable/chunks/DWlC26zH.js                      6.03 kB │ gzip:  2.17 kB
.svelte-kit/output/client/_app/immutable/nodes/2.CZ42Ezaq.js                    13.66 kB │ gzip:  4.78 kB
.svelte-kit/output/client/_app/immutable/chunks/DnER7pFu.js                     28.25 kB │ gzip:  9.68 kB
.svelte-kit/output/client/_app/immutable/chunks/DwwWXuPU.js                     36.42 kB │ gzip: 13.69 kB
.svelte-kit/output/client/_app/immutable/nodes/4.CHOiEJY4.js                    42.68 kB │ gzip: 13.07 kB
.svelte-kit/output/client/_app/immutable/chunks/DX2LoV7p.js                     53.42 kB │ gzip: 20.39 kB
.svelte-kit/output/client/_app/immutable/chunks/CLAoGSgJ.js                     72.90 kB │ gzip: 19.95 kB
.svelte-kit/output/client/_app/immutable/chunks/f4Z-_a36.js                     98.85 kB │ gzip: 32.10 kB

✓ built in 514ms
computing gzip size...
.svelte-kit/output/server/.vite/manifest.json                                     7.23 kB │ gzip:  1.01 kB
.svelte-kit/output/server/_app/immutable/assets/WorkspaceChrome.NWLcFRo6.css      1.11 kB │ gzip:  0.44 kB
.svelte-kit/output/server/_app/immutable/assets/authoring-context.2EjxCDib.css    4.60 kB │ gzip:  1.34 kB
.svelte-kit/output/server/_app/immutable/assets/_layout.BuuPbmfh.css             31.42 kB │ gzip:  7.15 kB
.svelte-kit/output/server/env.js                                                  0.22 kB │ gzip:  0.14 kB
.svelte-kit/output/server/entries/pages/_layout.svelte.js                         0.23 kB │ gzip:  0.18 kB
.svelte-kit/output/server/chunks/env.js                                           0.28 kB │ gzip:  0.17 kB
.svelte-kit/output/server/entries/fallbacks/error.svelte.js                       0.42 kB │ gzip:  0.26 kB
.svelte-kit/output/server/chunks/api.js                                           0.44 kB │ gzip:  0.30 kB
.svelte-kit/output/server/internal.js                                             0.45 kB │ gzip:  0.20 kB
.svelte-kit/output/server/entries/pages/(app)/_layout.server.ts.js                0.52 kB │ gzip:  0.34 kB
.svelte-kit/output/server/chunks/shared-server.js                                 0.60 kB │ gzip:  0.26 kB
.svelte-kit/output/server/chunks/internal.js                                      0.87 kB │ gzip:  0.38 kB
.svelte-kit/output/server/entries/pages/gate/_page.server.ts.js                   1.10 kB │ gzip:  0.55 kB
.svelte-kit/output/server/entries/pages/(app)/_layout.ts.js                       1.14 kB │ gzip:  0.50 kB
.svelte-kit/output/server/entries/pages/gate/_page.svelte.js                      1.53 kB │ gzip:  0.75 kB
.svelte-kit/output/server/entries/hooks.universal.js                              2.00 kB │ gzip:  0.95 kB
.svelte-kit/output/server/chunks/gate.js                                          2.03 kB │ gzip:  0.87 kB
.svelte-kit/output/server/chunks/singleton.js                                     2.30 kB │ gzip:  0.90 kB
.svelte-kit/output/server/chunks/render-perf.js                                   2.61 kB │ gzip:  1.01 kB
.svelte-kit/output/server/chunks/transport.svelte.js                              4.37 kB │ gzip:  1.71 kB
.svelte-kit/output/server/chunks/index-server.js                                  4.84 kB │ gzip:  1.78 kB
.svelte-kit/output/server/chunks/state.js                                         7.31 kB │ gzip:  2.85 kB
.svelte-kit/output/server/entries/pages/(app)/_page.svelte.js                     9.93 kB │ gzip:  2.83 kB
.svelte-kit/output/server/chunks/shared.js                                       10.59 kB │ gzip:  3.39 kB
.svelte-kit/output/server/chunks/exports.js                                      11.36 kB │ gzip:  3.54 kB
.svelte-kit/output/server/chunks/source-picking.js                               12.73 kB │ gzip:  3.65 kB
.svelte-kit/output/server/entries/pages/(app)/_layout.svelte.js                  20.28 kB │ gzip:  5.64 kB
.svelte-kit/output/server/chunks/utils.js                                        31.76 kB │ gzip:  9.35 kB
.svelte-kit/output/server/chunks/internal2.js                                    36.52 kB │ gzip: 10.26 kB
.svelte-kit/output/server/chunks/authoring-context.js                            41.47 kB │ gzip: 10.94 kB
.svelte-kit/output/server/entries/pages/(app)/admin/_page.svelte.js              51.71 kB │ gzip: 11.86 kB
.svelte-kit/output/server/remote-entry.js                                        54.49 kB │ gzip: 12.02 kB
.svelte-kit/output/server/chunks/server.js                                      122.28 kB │ gzip: 32.15 kB
.svelte-kit/output/server/index.js                                              124.13 kB │ gzip: 31.47 kB
.svelte-kit/output/server/chunks/WorkspaceChrome.js                             125.33 kB │ gzip: 31.46 kB

✓ built in 2.54s

Run npm run preview to preview your production build locally.

> Using @sveltejs/adapter-vercel
  ✔ done
